GNU Tool Chain  

Linker command line:

\
  --edf=C:\Users\rasul\Desktop\ZAGROS EDU\FMD\FT61XX\TOOLS\FMDIDE3.0.7\data\dat\en_msgs.txt \
  -cs -h+spi.sym --cmf=spi.cmf -z -QFT61F02X \
  -oC:\Users\rasul\AppData\Local\Temp\s1ks.2 -Mspi.map -E1 -ver=XC8 \
  -ASTACK=020h-06fh -pstack=STACK -ACODE=00h-07FFh -ASTRCODE=00h-07FFh \
  -ASTRING=00h-0FFhx8 -ACONST=00h-0FFhx8 -AENTRY=00h-0FFhx8 \
  -ACOMMON=070h-07Fh -ABANK0=020h-06Fh -ABANK1=0A0h-0BFh \
  -ARAM=020h-06Fh,0A0h-0BFh -AABS1=020h-07Fh,0A0h-0BFh -ASFR0=00h-01Fh \
  -ASFR1=080h-09Fh -ASFR2=0100h-016Fh \
  -preset_vec=00h,intentry,init,end_init -ppowerup=CODE -pcinit=CODE \
  -pfunctab=ENTRY -ACONFIG=02007h-02007h -pconfig=CONFIG -DCONFIG=2 \
  -AIDLOC=02000h-02003h -pidloc=IDLOC -DIDLOC=2 -AEEDATA=00h-0FFh/02100h \
  -peeprom_data=EEDATA -DEEDATA=2 -DCODE=2 -DSTRCODE=2 -DSTRING=2 -DCONST=2 \
  -DENTRY=2 -k C:\Users\rasul\AppData\Local\Temp\s1ks.obj spi.obj 

Object code version is 3.11

Machine type is FT61F02X



                Name                               Link     Load   Length Selector   Space Scale
C:\Users\rasul\AppData\Local\Temp\s1ks.obj
                end_init                              0        0        1        0       0
spi.obj         cinit                               7FE      7FE        2      FFC       0
                text3                               7DF      7DF       1F      FBE       0
                text2                               7A9      7A9        9      F52       0
                text1                               7B2      7B2       11      F64       0
                maintext                            7C3      7C3       1C      F86       0
                cstackCOMMON                         70       70        6       70       1

TOTAL           Name                               Link     Load   Length     Space
        CLASS   STACK          

        CLASS   CODE           
                end_init                              0        0        1         0
                cinit                               7FE      7FE        2         0
                text3                               7DF      7DF       1F         0
                text2                               7A9      7A9        9         0
                text1                               7B2      7B2       11         0
                maintext                            7C3      7C3       1C         0

        CLASS   STRCODE        

        CLASS   STRING         

        CLASS   CONST          

        CLASS   ENTRY          

        CLASS   COMMON         
                cstackCOMMON                         70       70        6         1

        CLASS   BANK0          

        CLASS   BANK1          

        CLASS   RAM            

        CLASS   ABS1           
                abs_s1                               7E       7E        2         1

        CLASS   SFR0           

        CLASS   SFR1           

        CLASS   SFR2           

        CLASS   CONFIG         

        CLASS   IDLOC          

        CLASS   EEDATA         

        CLASS   BANK2          



SEGMENTS        Name                           Load    Length   Top    Selector   Space  Class     Delta

                reset_vec                      000000  000001  000001         0       0  CODE        2
                cstackCOMMON                   000070  000006  000076        70       1  COMMON      1
                text2                          0007A9  000009  0007B2       F52       0  CODE        2
                text1                          0007B2  000011  0007C3       F64       0  CODE        2
                maintext                       0007C3  00001C  0007DF       F86       0  CODE        2
                text3                          0007DF  00001F  0007FE       FBE       0  CODE        2
                cinit                          0007FE  000002  000800       FFC       0  CODE        2


UNUSED ADDRESS RANGES

        Name                Unused          Largest block    Delta
        BANK0            0020-006F             50           1
        BANK1            00A0-00BF             20           1
        CODE             0001-07A8            7A8           2
        COMMON           0076-007D              8           1
        CONFIG           2007-2007              1           2
        CONST            0001-07A8            100           2
        EEDATA           2100-21FF            100           2
        ENTRY            0001-07A8            100           2
        IDLOC            2000-2003              4           2
        RAM              0020-006F             50           1
                         00A0-00BF             20
        SFR0             0000-001F             20           1
        SFR1             0080-009F             20           1
        SFR2             0100-016F             70           1
        STACK            0020-006F             50           1
        STRCODE          0001-07A8            7A8           2
        STRING           0001-07A8            100           2

                                  Symbol Table

SPI_RW@data              cstackCOMMON 0070
SPI_RW@i                 cstackCOMMON 0071
_OSCCON                  (abs)        008F
_PA2                     (abs)        002A
_PA4                     (abs)        002C
_PA6                     (abs)        002E
_PA7                     (abs)        002F
_PORTA                   (abs)        0005
_SPI_RW                  text3        07DF
_TRISA                   (abs)        0085
_WPUA                    (abs)        0095
__Habs1                  abs1         0000
__Hbank0                 bank0        0000
__Hbank1                 bank1        0000
__Hbank2                 bank2        0000
__Hcinit                 cinit        0800
__Hclrtext               clrtext      0000
__Hcode                  code         0000
__Hcommon                common       0000
__Hconfig                config       0000
__HcstackCOMMON          cstackCOMMON 0000
__Heeprom_data           eeprom_data  0000
__Hend_init              end_init     0001
__Hfunctab               functab      0000
__Hidloc                 idloc        0000
__Hinit                  init         0000
__Hintentry              intentry     0000
__Hmaintext              maintext     0000
__Hpa_nodes0             pa_nodes0    0000
__Hpowerup               powerup      0000
__Hram                   ram          0000
__Hreset_vec             reset_vec    0000
__Hsfr0                  sfr0         0000
__Hsfr1                  sfr1         0000
__Hsfr2                  sfr2         0000
__Hspace_0               (abs)        0800
__Hspace_1               (abs)        0076
__Hspace_2               (abs)        0000
__Hspace_3               (abs)        0000
__Hstack                 stack        0000
__Hstrings               strings      0000
__Htext                  text         0000
__Labs1                  abs1         0000
__Lbank0                 bank0        0000
__Lbank1                 bank1        0000
__Lbank2                 bank2        0000
__Lcinit                 cinit        07FE
__Lclrtext               clrtext      0000
__Lcode                  code         0000
__Lcommon                common       0000
__Lconfig                config       0000
__LcstackCOMMON          cstackCOMMON 0000
__Leeprom_data           eeprom_data  0000
__Lend_init              end_init     0000
__Lfunctab               functab      0000
__Lidloc                 idloc        0000
__Linit                  init         0000
__Lintentry              intentry     0000
__Lmaintext              maintext     0000
__Lpa_nodes0             pa_nodes0    0000
__Lpowerup               powerup      0000
__Lram                   ram          0000
__Lreset_vec             reset_vec    0000
__Lsfr0                  sfr0         0000
__Lsfr1                  sfr1         0000
__Lsfr2                  sfr2         0000
__Lspace_0               (abs)        0000
__Lspace_1               (abs)        0000
__Lspace_2               (abs)        0000
__Lspace_3               (abs)        0000
__Lstack                 stack        0000
__Lstrings               strings      0000
__Ltext                  text         0000
__S0                     (abs)        0800
__S1                     (abs)        0076
__S2                     (abs)        0000
__S3                     (abs)        0000
___int_sp                stack        0000
___latbits               (abs)        0000
___sp                    stack        0000
__end_of_SPI_RW          text3        07FE
__end_of__initialization cinit        07FE
__end_of_delayMs         text1        07C3
__end_of_delayUs         text2        07B2
__end_of_main            maintext     07DF
__initialization         cinit        07FE
__pcstackCOMMON          cstackCOMMON 0070
__pmaintext              maintext     07C3
__ptext0                 text0        0000
__ptext1                 text1        07B2
__ptext2                 text2        07A9
__ptext3                 text3        07DF
__size_of_SPI_RW         (abs)        0000
__size_of_delayMs        (abs)        0000
__size_of_delayUs        (abs)        0000
__size_of_main           (abs)        0000
_delayMs                 text1        07B2
_delayUs                 text2        07A9
_main                    maintext     07C3
btemp                    (abs)        007E
delayMs@a                cstackCOMMON 0073
delayMs@b                cstackCOMMON 0074
delayMs@time             cstackCOMMON 0072
delayUs@a                cstackCOMMON 0071
delayUs@time             cstackCOMMON 0070
end_of_initialization    cinit        07FE
intlevel0                functab      0000
intlevel1                functab      0000
intlevel2                functab      0000
intlevel3                functab      0000
intlevel4                functab      0000
intlevel5                functab      0000
main@i                   cstackCOMMON 0075
reset_vec                reset_vec    0000
stackhi                  (abs)        0000
stacklo                  (abs)        0000
start                    init         0000
start_initialization     cinit        07FE
wtemp0                   (abs)        007E


FUNCTION INFORMATION:

 *************** function _main *****************
 Defined at:
		line 63 in file "SPI.C"
 Parameters:    Size  Location     Type
		None
 Auto vars:     Size  Location     Type
  i               1    5[COMMON] unsigned char 
 Return value:  Size  Location     Type
                  1    wreg      void 
 Registers used:
		wreg, status,2, status,0, pclath, cstack
 Tracked objects:
		On entry : 
		On exit  : 
		Unchanged: 
 Data sizes:     COMMON   BANK0   BANK1
      Params:         0       0       0
      Locals:         1       0       0
      Temps:          0       0       0
      Totals:         1       0       0
Total ram usage:        1 bytes
 Hardware stack levels required when called:    2
 This function calls:
		_SPI_RW
		_delayMs
 This function is called by:
		Startup code after reset
 This function uses a non-reentrant model


 *************** function _delayMs *****************
 Defined at:
		line 25 in file "SPI.C"
 Parameters:    Size  Location     Type
  time            1    wreg     unsigned char 
 Auto vars:     Size  Location     Type
  time            1    2[COMMON] unsigned char 
  b               1    4[COMMON] unsigned char 
  a               1    3[COMMON] unsigned char 
 Return value:  Size  Location     Type
                  1    wreg      void 
 Registers used:
		wreg, status,2, status,0, pclath, cstack
 Tracked objects:
		On entry : 
		On exit  : 
		Unchanged: 
 Data sizes:     COMMON   BANK0   BANK1
      Params:         0       0       0
      Locals:         3       0       0
      Temps:          0       0       0
      Totals:         3       0       0
Total ram usage:        3 bytes
 Hardware stack levels used:    1
 Hardware stack levels required when called:    1
 This function calls:
		_delayUs
 This function is called by:
		_main
 This function uses a non-reentrant model


 *************** function _delayUs *****************
 Defined at:
		line 16 in file "SPI.C"
 Parameters:    Size  Location     Type
  time            1    wreg     unsigned char 
 Auto vars:     Size  Location     Type
  time            1    0[COMMON] unsigned char 
  a               1    1[COMMON] unsigned char 
 Return value:  Size  Location     Type
                  1    wreg      void 
 Registers used:
		wreg, status,2, status,0
 Tracked objects:
		On entry : 
		On exit  : 
		Unchanged: 
 Data sizes:     COMMON   BANK0   BANK1
      Params:         0       0       0
      Locals:         2       0       0
      Temps:          0       0       0
      Totals:         2       0       0
Total ram usage:        2 bytes
 Hardware stack levels used:    1
 This function calls:
		Nothing
 This function is called by:
		_delayMs
 This function uses a non-reentrant model


 *************** function _SPI_RW *****************
 Defined at:
		line 40 in file "SPI.C"
 Parameters:    Size  Location     Type
  data            1    wreg     unsigned char 
 Auto vars:     Size  Location     Type
  data            1    0[COMMON] unsigned char 
  i               1    1[COMMON] unsigned char 
 Return value:  Size  Location     Type
                  1    wreg      unsigned char 
 Registers used:
		wreg, status,2, status,0
 Tracked objects:
		On entry : 
		On exit  : 
		Unchanged: 
 Data sizes:     COMMON   BANK0   BANK1
      Params:         0       0       0
      Locals:         2       0       0
      Temps:          0       0       0
      Totals:         2       0       0
Total ram usage:        2 bytes
 Hardware stack levels used:    1
 This function calls:
		Nothing
 This function is called by:
		_main
 This function uses a non-reentrant model



MODULE INFORMATION

Module		Function		Class		Link	Load	Size
shared
		__initialization		CODE           	07FE	0000	1

shared estimated size: 1

SPI.C
		_SPI_RW        		CODE           	07DF	0000	32
		_main          		CODE           	07C3	0000	29
		_delayUs       		CODE           	07A9	0000	10
		_delayMs       		CODE           	07B2	0000	18

SPI.C estimated size: 89

