GNU Tool Chain  

Linker command line:

--edf=C:\Users\FAZLI\Desktop\FMDIDE3.0.7\data\dat\en_msgs.txt -cs \
  -h+eeprom.sym --cmf=eeprom.cmf -z -QFT61F02X \
  -oC:\Users\FAZLI\AppData\Local\Temp\sec4.2 -Meeprom.map -E1 -ver=XC8 \
  -ASTACK=020h-06fh -pstack=STACK -ACODE=00h-07FFh -ASTRCODE=00h-07FFh \
  -ASTRING=00h-0FFhx8 -ACONST=00h-0FFhx8 -AENTRY=00h-0FFhx8 \
  -ACOMMON=070h-07Fh -ABANK0=020h-06Fh -ABANK1=0A0h-0BFh \
  -ARAM=020h-06Fh,0A0h-0BFh -AABS1=020h-07Fh,0A0h-0BFh -ASFR0=00h-01Fh \
  -ASFR1=080h-09Fh -ASFR2=0100h-016Fh \
  -preset_vec=00h,intentry=04h,init,end_init -ppowerup=CODE -pcinit=CODE \
  -pfunctab=ENTRY -ACONFIG=02007h-02007h -pconfig=CONFIG -DCONFIG=2 \
  -AIDLOC=02000h-02003h -pidloc=IDLOC -DIDLOC=2 -AEEDATA=00h-0FFh/02100h \
  -peeprom_data=EEDATA -DEEDATA=2 -DCODE=2 -DSTRCODE=2 -DSTRING=2 -DCONST=2 \
  -DENTRY=2 -k C:\Users\FAZLI\AppData\Local\Temp\sec4.obj eeprom.obj 

Object code version is 3.11

Machine type is FT61F02X



                Name                               Link     Load   Length Selector   Space Scale
C:\Users\FAZLI\AppData\Local\Temp\sec4.obj
                end_init                              A        A        1        8       0
                reset_vec                             0        0        1        0       0
eeprom.obj      cinit                                 B        B        3        8       0
                intentry                              4        4        6        8       0
                text3                                2D       2D        7        8       0
                text2                                34       34        6        8       0
                text1                                 E        E       13        8       0
                maintext                             21       21        C        8       0
                cstackCOMMON                         70       70        4       70       1
                bssCOMMON                            74       74        1       70       1

TOTAL           Name                               Link     Load   Length     Space
        CLASS   STACK          

        CLASS   CODE           
                end_init                              A        A        1         0
                cinit                                 B        B        3         0
                intentry                              4        4        6         0
                reset_vec                             0        0        1         0
                text3                                2D       2D        7         0
                text2                                34       34        6         0
                text1                                 E        E       13         0
                maintext                             21       21        C         0

        CLASS   STRCODE        

        CLASS   STRING         

        CLASS   CONST          

        CLASS   ENTRY          

        CLASS   COMMON         
                cstackCOMMON                         70       70        4         1
                bssCOMMON                            74       74        1         1

        CLASS   BANK0          

        CLASS   BANK1          

        CLASS   RAM            

        CLASS   ABS1           
                abs_s1                               7E       7E        2         1

        CLASS   SFR0           

        CLASS   SFR1           

        CLASS   SFR2           

        CLASS   CONFIG         

        CLASS   IDLOC          

        CLASS   EEDATA         

        CLASS   BANK2          



SEGMENTS        Name                           Load    Length   Top    Selector   Space  Class     Delta

                reset_vec                      000000  000001  000001         0       0  CODE        2
                intentry                       000004  000036  00003A         8       0  CODE        2
                cstackCOMMON                   000070  000005  000075        70       1  COMMON      1


UNUSED ADDRESS RANGES

        Name                Unused          Largest block    Delta
        BANK0            020-06F            50           1
        BANK1            0A0-0BF            20           1
        CODE             001-003             3           2
                         03A-7FF           7C6
        COMMON           075-07D             9           1
        CONFIG           2007-2007             1           2
        CONST            001-003             3           2
                         03A-7FF           100
        EEDATA           2100-21FF           100           2
        ENTRY            001-003             3           2
                         03A-7FF           100
        IDLOC            2000-2003             4           2
        RAM              020-06F            50           1
                         0A0-0BF            20
        SFR0             000-01F            20           1
        SFR1             080-09F            20           1
        SFR2             100-16F            70           1
        STACK            020-06F            50           1
        STRCODE          001-003             3           2
                         03A-7FF           7C6
        STRING           001-003             3           2
                         03A-7FF           100

                                  Symbol Table

EEPROMread@EEAddr        cstackCOMMON 072
EEPROMread@read          cstackCOMMON 073
EEPROMwrite@EEAddr       cstackCOMMON 073
EEPROMwrite@data         cstackCOMMON 072
_EEADR                   (abs)        09B
_EEDAT                   (abs)        09A
_EEIF                    (abs)        067
_EEPROMread              text2        034
_EEPROMwrite             text1        00E
_GIE                     (abs)        05F
_ISR                     text3        02D
_OSCCON                  (abs)        08F
_RD                      (abs)        4E0
_WR                      (abs)        4E8
_WREN1                   (abs)        4E2
_WREN2                   (abs)        4E4
_WREN3                   (abs)        4E5
__Habs1                  abs1         000
__Hbank0                 bank0        000
__Hbank1                 bank1        000
__Hbank2                 bank2        000
__HbssCOMMON             bssCOMMON    000
__Hcinit                 cinit        00E
__Hclrtext               clrtext      000
__Hcode                  code         000
__Hcommon                common       000
__Hconfig                config       000
__HcstackCOMMON          cstackCOMMON 000
__Heeprom_data           eeprom_data  000
__Hend_init              end_init     00B
__Hfunctab               functab      000
__Hidloc                 idloc        000
__Hinit                  init         00A
__Hintentry              intentry     00A
__Hmaintext              maintext     000
__Hpa_nodes0             pa_nodes0    000
__Hpowerup               powerup      000
__Hram                   ram          000
__Hreset_vec             reset_vec    001
__Hsfr0                  sfr0         000
__Hsfr1                  sfr1         000
__Hsfr2                  sfr2         000
__Hspace_0               (abs)        03A
__Hspace_1               (abs)        075
__Hspace_2               (abs)        000
__Hspace_3               (abs)        000
__Hstack                 stack        000
__Hstrings               strings      000
__Htext                  text         000
__Labs1                  abs1         000
__Lbank0                 bank0        000
__Lbank1                 bank1        000
__Lbank2                 bank2        000
__LbssCOMMON             bssCOMMON    000
__Lcinit                 cinit        00B
__Lclrtext               clrtext      000
__Lcode                  code         000
__Lcommon                common       000
__Lconfig                config       000
__LcstackCOMMON          cstackCOMMON 000
__Leeprom_data           eeprom_data  000
__Lend_init              end_init     00A
__Lfunctab               functab      000
__Lidloc                 idloc        000
__Linit                  init         00A
__Lintentry              intentry     004
__Lmaintext              maintext     000
__Lpa_nodes0             pa_nodes0    000
__Lpowerup               powerup      000
__Lram                   ram          000
__Lreset_vec             reset_vec    000
__Lsfr0                  sfr0         000
__Lsfr1                  sfr1         000
__Lsfr2                  sfr2         000
__Lspace_0               (abs)        000
__Lspace_1               (abs)        000
__Lspace_2               (abs)        000
__Lspace_3               (abs)        000
__Lstack                 stack        000
__Lstrings               strings      000
__Ltext                  text         000
__S0                     (abs)        03A
__S1                     (abs)        075
__S2                     (abs)        000
__S3                     (abs)        000
___int_sp                stack        000
___latbits               (abs)        000
___sp                    stack        000
__end_of_EEPROMread      text2        03A
__end_of_EEPROMwrite     text1        021
__end_of_ISR             text3        034
__end_of__initialization cinit        00C
__end_of_main            maintext     02D
__initialization         cinit        00B
__pbssCOMMON             bssCOMMON    074
__pcstackCOMMON          cstackCOMMON 070
__pintentry              intentry     004
__pmaintext              maintext     021
__ptext0                 text0        000
__ptext1                 text1        00E
__ptext2                 text2        034
__ptext3                 text3        02D
__size_of_EEPROMread     (abs)        000
__size_of_EEPROMwrite    (abs)        000
__size_of_ISR            (abs)        000
__size_of_main           (abs)        000
_main                    maintext     021
_test                    bssCOMMON    074
btemp                    (abs)        07E
end_of_initialization    cinit        00C
interrupt_function       intentry     004
intlevel0                functab      000
intlevel1                functab      000
intlevel2                functab      000
intlevel3                functab      000
intlevel4                functab      000
intlevel5                functab      000
reset_vec                reset_vec    000
saved_w                  (abs)        07E
stackhi                  (abs)        000
stacklo                  (abs)        000
start                    init         00A
start_initialization     cinit        00B
wtemp0                   (abs)        07E


FUNCTION INFORMATION:

 *************** function _main *****************
 Defined at:
		line 64 in file "EEPROM.C"
 Parameters:    Size  Location     Type
		None
 Auto vars:     Size  Location     Type
		None
 Return value:  Size  Location     Type
                  2  1087[None  ] int 
 Registers used:
		wreg, status,2, status,0, pclath, cstack
 Tracked objects:
		On entry : 
		On exit  : 
		Unchanged: 
 Data sizes:     COMMON   BANK0   BANK1
      Params:         0       0       0
      Locals:         0       0       0
      Temps:          0       0       0
      Totals:         0       0       0
Total ram usage:        0 bytes
 Hardware stack levels required when called:    2
 This function calls:
		_EEPROMread
		_EEPROMwrite
 This function is called by:
		Startup code after reset
 This function uses a non-reentrant model


 *************** function _EEPROMwrite *****************
 Defined at:
		line 27 in file "EEPROM.C"
 Parameters:    Size  Location     Type
  EEAddr          1    wreg     unsigned char 
  data            1    2[COMMON] unsigned char 
 Auto vars:     Size  Location     Type
  EEAddr          1    3[COMMON] unsigned char 
 Return value:  Size  Location     Type
                  1    wreg      void 
 Registers used:
		wreg
 Tracked objects:
		On entry : 
		On exit  : 
		Unchanged: 
 Data sizes:     COMMON   BANK0   BANK1
      Params:         1       0       0
      Locals:         1       0       0
      Temps:          0       0       0
      Totals:         2       0       0
Total ram usage:        2 bytes
 Hardware stack levels used:    1
 Hardware stack levels required when called:    1
 This function calls:
		Nothing
 This function is called by:
		_main
 This function uses a non-reentrant model


 *************** function _EEPROMread *****************
 Defined at:
		line 15 in file "EEPROM.C"
 Parameters:    Size  Location     Type
  EEAddr          1    wreg     unsigned char 
 Auto vars:     Size  Location     Type
  EEAddr          1    2[COMMON] unsigned char 
  read            1    3[COMMON] unsigned char 
 Return value:  Size  Location     Type
                  1    wreg      unsigned char 
 Registers used:
		wreg
 Tracked objects:
		On entry : 
		On exit  : 
		Unchanged: 
 Data sizes:     COMMON   BANK0   BANK1
      Params:         0       0       0
      Locals:         2       0       0
      Temps:          0       0       0
      Totals:         2       0       0
Total ram usage:        2 bytes
 Hardware stack levels used:    1
 Hardware stack levels required when called:    1
 This function calls:
		Nothing
 This function is called by:
		_main
 This function uses a non-reentrant model


 *************** function _ISR *****************
 Defined at:
		line 56 in file "EEPROM.C"
 Parameters:    Size  Location     Type
		None
 Auto vars:     Size  Location     Type
		None
 Return value:  Size  Location     Type
                  1    wreg      void 
 Registers used:
		None
 Tracked objects:
		On entry : 
		On exit  : 
		Unchanged: 
 Data sizes:     COMMON   BANK0   BANK1
      Params:         0       0       0
      Locals:         0       0       0
      Temps:          2       0       0
      Totals:         2       0       0
Total ram usage:        2 bytes
 Hardware stack levels used:    1
 This function calls:
		Nothing
 This function is called by:
		Interrupt level 1
 This function uses a non-reentrant model



MODULE INFORMATION

Module		Function		Class		Link	Load	Size
EEPROM.C
		_ISR           		CODE           	002D	0000	8
		_main          		CODE           	0021	0000	13
		_EEPROMread    		CODE           	0034	0000	7
		_EEPROMwrite   		CODE           	000E	0000	20

EEPROM.C estimated size: 48

shared
		__initialization		CODE           	000B	0000	2

shared estimated size: 2

