GNU Tool Chain  

Linker command line:

\
  --edf=C:\Users\rasul\Desktop\ZAGROS EDU\FMD\FT61XX\TOOLS\FMDIDE3.0.7\data\dat\en_msgs.txt \
  -cs -h+eeprom.sym --cmf=eeprom.cmf -z -QFT61F02X \
  -oC:\Users\rasul\AppData\Local\Temp\s7u8.2 -Meeprom.map -E1 -ver=XC8 \
  -ASTACK=020h-06fh -pstack=STACK -ACODE=00h-07FFh -ASTRCODE=00h-07FFh \
  -ASTRING=00h-0FFhx8 -ACONST=00h-0FFhx8 -AENTRY=00h-0FFhx8 \
  -ACOMMON=070h-07Fh -ABANK0=020h-06Fh -ABANK1=0A0h-0BFh \
  -ARAM=020h-06Fh,0A0h-0BFh -AABS1=020h-07Fh,0A0h-0BFh -ASFR0=00h-01Fh \
  -ASFR1=080h-09Fh -ASFR2=0100h-016Fh \
  -preset_vec=00h,intentry=04h,init,end_init -ppowerup=CODE -pcinit=CODE \
  -pfunctab=ENTRY -ACONFIG=02007h-02007h -pconfig=CONFIG -DCONFIG=2 \
  -AIDLOC=02000h-02003h -pidloc=IDLOC -DIDLOC=2 -AEEDATA=00h-0FFh/02100h \
  -peeprom_data=EEDATA -DEEDATA=2 -DCODE=2 -DSTRCODE=2 -DSTRING=2 -DCONST=2 \
  -DENTRY=2 -k C:\Users\rasul\AppData\Local\Temp\s7u8.obj eeprom.obj 

Object code version is 3.11

Machine type is FT61F02X



                Name                               Link     Load   Length Selector   Space Scale
C:\Users\rasul\AppData\Local\Temp\s7u8.obj
                end_init                              A        A        1        8       0
                reset_vec                             0        0        1        0       0
eeprom.obj      cinit                                 B        B        2        8       0
                intentry                              4        4        6        8       0
                text7                                28       28       18        8       0
                text6                                40       40       17        8       0
                text5                                7A       7A        6        8       0
                text4                                80       80        4        8       0
                text3                                 D        D       1B        8       0
                text2                                71       71        9        8       0
                text1                                57       57       11        8       0
                maintext                             68       68        9        8       0
                cstackCOMMON                         70       70        7       70       1

TOTAL           Name                               Link     Load   Length     Space
        CLASS   STACK          

        CLASS   CODE           
                end_init                              A        A        1         0
                cinit                                 B        B        2         0
                intentry                              4        4        6         0
                reset_vec                             0        0        1         0
                text7                                28       28       18         0
                text6                                40       40       17         0
                text5                                7A       7A        6         0
                text4                                80       80        4         0
                text3                                 D        D       1B         0
                text2                                71       71        9         0
                text1                                57       57       11         0
                maintext                             68       68        9         0

        CLASS   STRCODE        

        CLASS   STRING         

        CLASS   CONST          

        CLASS   ENTRY          

        CLASS   COMMON         
                cstackCOMMON                         70       70        7         1

        CLASS   BANK0          

        CLASS   BANK1          

        CLASS   RAM            

        CLASS   ABS1           
                abs_s1                               7E       7E        2         1

        CLASS   SFR0           

        CLASS   SFR1           

        CLASS   SFR2           

        CLASS   CONFIG         

        CLASS   IDLOC          

        CLASS   EEDATA         

        CLASS   BANK2          



SEGMENTS        Name                           Load    Length   Top    Selector   Space  Class     Delta

                reset_vec                      000000  000001  000001         0       0  CODE        2
                intentry                       000004  000080  000084         8       0  CODE        2
                cstackCOMMON                   000070  000007  000077        70       1  COMMON      1


UNUSED ADDRESS RANGES

        Name                Unused          Largest block    Delta
        BANK0            020-06F            50           1
        BANK1            0A0-0BF            20           1
        CODE             001-003             3           2
                         084-7FF           77C
        COMMON           077-07D             7           1
        CONFIG           2007-2007             1           2
        CONST            001-003             3           2
                         084-7FF           100
        EEDATA           2100-21FF           100           2
        ENTRY            001-003             3           2
                         084-7FF           100
        IDLOC            2000-2003             4           2
        RAM              020-06F            50           1
                         0A0-0BF            20
        SFR0             000-01F            20           1
        SFR1             080-09F            20           1
        SFR2             100-16F            70           1
        STACK            020-06F            50           1
        STRCODE          001-003             3           2
                         084-7FF           77C
        STRING           001-003             3           2
                         084-7FF           100

                                  Symbol Table

WByte@i                  cstackCOMMON 073
WByte@input              cstackCOMMON 072
_ANSEL5                  (abs)        48D
_CMCON0                  (abs)        019
_GIE                     (abs)        05F
_INTE                    (abs)        05C
_INTEDG                  (abs)        40E
_INTF                    (abs)        059
_ISR                     text7        028
_OPTION                  (abs)        081
_OSCCON                  (abs)        08F
_PA4                     (abs)        02C
_PC1                     (abs)        039
_PORTA                   (abs)        005
_PORTC                   (abs)        007
_POWER_INITIAL           text6        040
_T0IE                    (abs)        05D
_T0IF                    (abs)        05A
_TIMER0_INITIAL          text5        07A
_TMR0                    (abs)        001
_TRISA                   (abs)        085
_TRISC                   (abs)        087
_WByte                   text3        00D
_WPUC                    (abs)        088
_WaitTF0                 text4        080
__Habs1                  abs1         000
__Hbank0                 bank0        000
__Hbank1                 bank1        000
__Hbank2                 bank2        000
__Hcinit                 cinit        00D
__Hclrtext               clrtext      000
__Hcode                  code         000
__Hcommon                common       000
__Hconfig                config       000
__HcstackCOMMON          cstackCOMMON 000
__Heeprom_data           eeprom_data  000
__Hend_init              end_init     00B
__Hfunctab               functab      000
__Hidloc                 idloc        000
__Hinit                  init         00A
__Hintentry              intentry     00A
__Hmaintext              maintext     000
__Hpa_nodes0             pa_nodes0    000
__Hpowerup               powerup      000
__Hram                   ram          000
__Hreset_vec             reset_vec    001
__Hsfr0                  sfr0         000
__Hsfr1                  sfr1         000
__Hsfr2                  sfr2         000
__Hspace_0               (abs)        084
__Hspace_1               (abs)        077
__Hspace_2               (abs)        000
__Hspace_3               (abs)        000
__Hstack                 stack        000
__Hstrings               strings      000
__Htext                  text         000
__Labs1                  abs1         000
__Lbank0                 bank0        000
__Lbank1                 bank1        000
__Lbank2                 bank2        000
__Lcinit                 cinit        00B
__Lclrtext               clrtext      000
__Lcode                  code         000
__Lcommon                common       000
__Lconfig                config       000
__LcstackCOMMON          cstackCOMMON 000
__Leeprom_data           eeprom_data  000
__Lend_init              end_init     00A
__Lfunctab               functab      000
__Lidloc                 idloc        000
__Linit                  init         00A
__Lintentry              intentry     004
__Lmaintext              maintext     000
__Lpa_nodes0             pa_nodes0    000
__Lpowerup               powerup      000
__Lram                   ram          000
__Lreset_vec             reset_vec    000
__Lsfr0                  sfr0         000
__Lsfr1                  sfr1         000
__Lsfr2                  sfr2         000
__Lspace_0               (abs)        000
__Lspace_1               (abs)        000
__Lspace_2               (abs)        000
__Lspace_3               (abs)        000
__Lstack                 stack        000
__Lstrings               strings      000
__Ltext                  text         000
__S0                     (abs)        084
__S1                     (abs)        077
__S2                     (abs)        000
__S3                     (abs)        000
___int_sp                stack        000
___latbits               (abs)        000
___sp                    stack        000
__end_of_ISR             text7        040
__end_of_POWER_INITIAL   text6        057
__end_of_TIMER0_INITIAL  text5        080
__end_of_WByte           text3        028
__end_of_WaitTF0         text4        084
__end_of__initialization cinit        00B
__end_of_delayMs         text1        068
__end_of_delayUs         text2        07A
__end_of_main            maintext     071
__initialization         cinit        00B
__pcstackCOMMON          cstackCOMMON 070
__pintentry              intentry     004
__pmaintext              maintext     068
__ptext0                 text0        000
__ptext1                 text1        057
__ptext2                 text2        071
__ptext3                 text3        00D
__ptext4                 text4        080
__ptext5                 text5        07A
__ptext6                 text6        040
__ptext7                 text7        028
__size_of_ISR            (abs)        000
__size_of_POWER_INITIAL  (abs)        000
__size_of_TIMER0_INITIAL (abs)        000
__size_of_WByte          (abs)        000
__size_of_WaitTF0        (abs)        000
__size_of_delayMs        (abs)        000
__size_of_delayUs        (abs)        000
__size_of_main           (abs)        000
_delayMs                 text1        057
_delayUs                 text2        071
_main                    maintext     068
btemp                    (abs)        07E
delayMs@a                cstackCOMMON 075
delayMs@b                cstackCOMMON 076
delayMs@time             cstackCOMMON 074
delayUs@a                cstackCOMMON 073
delayUs@time             cstackCOMMON 072
end_of_initialization    cinit        00B
interrupt_function       intentry     004
intlevel0                functab      000
intlevel1                functab      000
intlevel2                functab      000
intlevel3                functab      000
intlevel4                functab      000
intlevel5                functab      000
reset_vec                reset_vec    000
saved_w                  (abs)        07E
stackhi                  (abs)        000
stacklo                  (abs)        000
start                    init         00A
start_initialization     cinit        00B
wtemp0                   (abs)        07E


FUNCTION INFORMATION:

 *************** function _main *****************
 Defined at:
		line 147 in file "EEPROM.C"
 Parameters:    Size  Location     Type
		None
 Auto vars:     Size  Location     Type
  rdata           1    0        unsigned char 
 Return value:  Size  Location     Type
                  1    wreg      void 
 Registers used:
		wreg, status,2, status,0, pclath, cstack
 Tracked objects:
		On entry : 
		On exit  : 
		Unchanged: 
 Data sizes:     COMMON   BANK0   BANK1
      Params:         0       0       0
      Locals:         0       0       0
      Temps:          0       0       0
      Totals:         0       0       0
Total ram usage:        0 bytes
 Hardware stack levels required when called:    3
 This function calls:
		_POWER_INITIAL
		_TIMER0_INITIAL
		_WByte
		_delayMs
 This function is called by:
		Startup code after reset
 This function uses a non-reentrant model


 *************** function _delayMs *****************
 Defined at:
		line 79 in file "EEPROM.C"
 Parameters:    Size  Location     Type
  time            1    wreg     unsigned char 
 Auto vars:     Size  Location     Type
  time            1    4[COMMON] unsigned char 
  b               1    6[COMMON] unsigned char 
  a               1    5[COMMON] unsigned char 
 Return value:  Size  Location     Type
                  1    wreg      void 
 Registers used:
		wreg, status,2, status,0, pclath, cstack
 Tracked objects:
		On entry : 
		On exit  : 
		Unchanged: 
 Data sizes:     COMMON   BANK0   BANK1
      Params:         0       0       0
      Locals:         3       0       0
      Temps:          0       0       0
      Totals:         3       0       0
Total ram usage:        3 bytes
 Hardware stack levels used:    1
 Hardware stack levels required when called:    2
 This function calls:
		_delayUs
 This function is called by:
		_main
 This function uses a non-reentrant model


 *************** function _delayUs *****************
 Defined at:
		line 70 in file "EEPROM.C"
 Parameters:    Size  Location     Type
  time            1    wreg     unsigned char 
 Auto vars:     Size  Location     Type
  time            1    2[COMMON] unsigned char 
  a               1    3[COMMON] unsigned char 
 Return value:  Size  Location     Type
                  1    wreg      void 
 Registers used:
		wreg, status,2, status,0
 Tracked objects:
		On entry : 
		On exit  : 
		Unchanged: 
 Data sizes:     COMMON   BANK0   BANK1
      Params:         0       0       0
      Locals:         2       0       0
      Temps:          0       0       0
      Totals:         2       0       0
Total ram usage:        2 bytes
 Hardware stack levels used:    1
 Hardware stack levels required when called:    1
 This function calls:
		Nothing
 This function is called by:
		_delayMs
 This function uses a non-reentrant model


 *************** function _WByte *****************
 Defined at:
		line 93 in file "EEPROM.C"
 Parameters:    Size  Location     Type
  input           1    wreg     unsigned char 
 Auto vars:     Size  Location     Type
  input           1    2[COMMON] unsigned char 
  i               1    3[COMMON] unsigned char 
 Return value:  Size  Location     Type
                  1    wreg      void 
 Registers used:
		wreg, status,2, status,0, pclath, cstack
 Tracked objects:
		On entry : 
		On exit  : 
		Unchanged: 
 Data sizes:     COMMON   BANK0   BANK1
      Params:         0       0       0
      Locals:         2       0       0
      Temps:          0       0       0
      Totals:         2       0       0
Total ram usage:        2 bytes
 Hardware stack levels used:    1
 Hardware stack levels required when called:    2
 This function calls:
		_WaitTF0
 This function is called by:
		_main
 This function uses a non-reentrant model


 *************** function _WaitTF0 *****************
 Defined at:
		line 64 in file "EEPROM.C"
 Parameters:    Size  Location     Type
		None
 Auto vars:     Size  Location     Type
		None
 Return value:  Size  Location     Type
                  1    wreg      void 
 Registers used:
		None
 Tracked objects:
		On entry : 
		On exit  : 
		Unchanged: 
 Data sizes:     COMMON   BANK0   BANK1
      Params:         0       0       0
      Locals:         0       0       0
      Temps:          0       0       0
      Totals:         0       0       0
Total ram usage:        0 bytes
 Hardware stack levels used:    1
 Hardware stack levels required when called:    1
 This function calls:
		Nothing
 This function is called by:
		_WByte
 This function uses a non-reentrant model


 *************** function _TIMER0_INITIAL *****************
 Defined at:
		line 34 in file "EEPROM.C"
 Parameters:    Size  Location     Type
		None
 Auto vars:     Size  Location     Type
		None
 Return value:  Size  Location     Type
                  1    wreg      void 
 Registers used:
		wreg, status,2
 Tracked objects:
		On entry : 
		On exit  : 
		Unchanged: 
 Data sizes:     COMMON   BANK0   BANK1
      Params:         0       0       0
      Locals:         0       0       0
      Temps:          0       0       0
      Totals:         0       0       0
Total ram usage:        0 bytes
 Hardware stack levels used:    1
 Hardware stack levels required when called:    1
 This function calls:
		Nothing
 This function is called by:
		_main
 This function uses a non-reentrant model


 *************** function _POWER_INITIAL *****************
 Defined at:
		line 14 in file "EEPROM.C"
 Parameters:    Size  Location     Type
		None
 Auto vars:     Size  Location     Type
		None
 Return value:  Size  Location     Type
                  1    wreg      void 
 Registers used:
		wreg, status,2
 Tracked objects:
		On entry : 
		On exit  : 
		Unchanged: 
 Data sizes:     COMMON   BANK0   BANK1
      Params:         0       0       0
      Locals:         0       0       0
      Temps:          0       0       0
      Totals:         0       0       0
Total ram usage:        0 bytes
 Hardware stack levels used:    1
 Hardware stack levels required when called:    1
 This function calls:
		Nothing
 This function is called by:
		_main
 This function uses a non-reentrant model


 *************** function _ISR *****************
 Defined at:
		line 42 in file "EEPROM.C"
 Parameters:    Size  Location     Type
		None
 Auto vars:     Size  Location     Type
		None
 Return value:  Size  Location     Type
                  1    wreg      void 
 Registers used:
		wreg
 Tracked objects:
		On entry : 
		On exit  : 
		Unchanged: 
 Data sizes:     COMMON   BANK0   BANK1
      Params:         0       0       0
      Locals:         0       0       0
      Temps:          2       0       0
      Totals:         2       0       0
Total ram usage:        2 bytes
 Hardware stack levels used:    1
 This function calls:
		Nothing
 This function is called by:
		Interrupt level 1
 This function uses a non-reentrant model



MODULE INFORMATION

Module		Function		Class		Link	Load	Size
EEPROM.C
		_WaitTF0       		CODE           	0080	0000	5
		_ISR           		CODE           	0028	0000	25
		_main          		CODE           	0068	0000	10
		_POWER_INITIAL 		CODE           	0040	0000	24
		_delayUs       		CODE           	0071	0000	10
		_delayMs       		CODE           	0057	0000	18
		_TIMER0_INITIAL		CODE           	007A	0000	7
		_WByte         		CODE           	000D	0000	28

EEPROM.C estimated size: 127

shared
		__initialization		CODE           	000B	0000	1

shared estimated size: 1

