GNU Tool Chain  

Linker command line:

\
  --edf=C:\Users\rasul\Desktop\ZAGROS EDU\FMD\FT61XX\TOOLS\FMDIDE3.0.7\data\dat\en_msgs.txt \
  -cs -h+msck.sym --cmf=msck.cmf -z -QFT61F02X \
  -oC:\Users\rasul\AppData\Local\Temp\s3og.2 -Mmsck.map -E1 -ver=XC8 \
  -ASTACK=020h-06fh -pstack=STACK -ACODE=00h-07FFh -ASTRCODE=00h-07FFh \
  -ASTRING=00h-0FFhx8 -ACONST=00h-0FFhx8 -AENTRY=00h-0FFhx8 \
  -ACOMMON=070h-07Fh -ABANK0=020h-06Fh -ABANK1=0A0h-0BFh \
  -ARAM=020h-06Fh,0A0h-0BFh -AABS1=020h-07Fh,0A0h-0BFh -ASFR0=00h-01Fh \
  -ASFR1=080h-09Fh -ASFR2=0100h-016Fh \
  -preset_vec=00h,intentry=04h,init,end_init -ppowerup=CODE -pcinit=CODE \
  -pfunctab=ENTRY -ACONFIG=02007h-02007h -pconfig=CONFIG -DCONFIG=2 \
  -AIDLOC=02000h-02003h -pidloc=IDLOC -DIDLOC=2 -AEEDATA=00h-0FFh/02100h \
  -peeprom_data=EEDATA -DEEDATA=2 -DCODE=2 -DSTRCODE=2 -DSTRING=2 -DCONST=2 \
  -DENTRY=2 -k C:\Users\rasul\AppData\Local\Temp\s3og.obj msck.obj 

Object code version is 3.11

Machine type is FT61F02X



                Name                               Link     Load   Length Selector   Space Scale
C:\Users\rasul\AppData\Local\Temp\s3og.obj
                end_init                              A        A        1        8       0
                reset_vec                             0        0        1        0       0
msck.obj        cinit                                 B        B        2        8       0
                intentry                              4        4        6        8       0
                text2                                27       27        7        8       0
                text1                                1E       1E        9        8       0
                maintext                              D        D       11        8       0
                cstackCOMMON                         70       70        4       70       1

TOTAL           Name                               Link     Load   Length     Space
        CLASS   STACK          

        CLASS   CODE           
                end_init                              A        A        1         0
                cinit                                 B        B        2         0
                intentry                              4        4        6         0
                reset_vec                             0        0        1         0
                text2                                27       27        7         0
                text1                                1E       1E        9         0
                maintext                              D        D       11         0

        CLASS   STRCODE        

        CLASS   STRING         

        CLASS   CONST          

        CLASS   ENTRY          

        CLASS   COMMON         
                cstackCOMMON                         70       70        4         1

        CLASS   BANK0          

        CLASS   BANK1          

        CLASS   RAM            

        CLASS   ABS1           
                abs_s1                               7E       7E        2         1

        CLASS   SFR0           

        CLASS   SFR1           

        CLASS   SFR2           

        CLASS   CONFIG         

        CLASS   IDLOC          

        CLASS   EEDATA         

        CLASS   BANK2          



SEGMENTS        Name                           Load    Length   Top    Selector   Space  Class     Delta

                reset_vec                      000000  000001  000001         0       0  CODE        2
                intentry                       000004  00002A  00002E         8       0  CODE        2
                cstackCOMMON                   000070  000004  000074        70       1  COMMON      1


UNUSED ADDRESS RANGES

        Name                Unused          Largest block    Delta
        BANK0            20-6F           50           1
        BANK1            A0-BF           20           1
        CODE             01-03            3           2
                         2E-7FF          7D2
        COMMON           74-7D            A           1
        CONFIG           2007-2007            1           2
        CONST            01-03            3           2
                         2E-7FF          100
        EEDATA           2100-21FF          100           2
        ENTRY            01-03            3           2
                         2E-7FF          100
        IDLOC            2000-2003            4           2
        RAM              20-6F           50           1
                         A0-BF           20
        SFR0             00-1F           20           1
        SFR1             80-9F           20           1
        SFR2             100-16F           70           1
        STACK            20-6F           50           1
        STRCODE          01-03            3           2
                         2E-7FF          7D2
        STRING           01-03            3           2
                         2E-7FF          100

                                  Symbol Table

_ISR                     text2        27
_OSCCON                  (abs)        8F
_PORTC                   (abs)        07
_TRISC                   (abs)        87
__Habs1                  abs1         00
__Hbank0                 bank0        00
__Hbank1                 bank1        00
__Hbank2                 bank2        00
__Hcinit                 cinit        0D
__Hclrtext               clrtext      00
__Hcode                  code         00
__Hcommon                common       00
__Hconfig                config       00
__HcstackCOMMON          cstackCOMMON 00
__Heeprom_data           eeprom_data  00
__Hend_init              end_init     0B
__Hfunctab               functab      00
__Hidloc                 idloc        00
__Hinit                  init         0A
__Hintentry              intentry     0A
__Hmaintext              maintext     00
__Hpa_nodes0             pa_nodes0    00
__Hpowerup               powerup      00
__Hram                   ram          00
__Hreset_vec             reset_vec    01
__Hsfr0                  sfr0         00
__Hsfr1                  sfr1         00
__Hsfr2                  sfr2         00
__Hspace_0               (abs)        2E
__Hspace_1               (abs)        74
__Hspace_2               (abs)        00
__Hspace_3               (abs)        00
__Hstack                 stack        00
__Hstrings               strings      00
__Htext                  text         00
__Labs1                  abs1         00
__Lbank0                 bank0        00
__Lbank1                 bank1        00
__Lbank2                 bank2        00
__Lcinit                 cinit        0B
__Lclrtext               clrtext      00
__Lcode                  code         00
__Lcommon                common       00
__Lconfig                config       00
__LcstackCOMMON          cstackCOMMON 00
__Leeprom_data           eeprom_data  00
__Lend_init              end_init     0A
__Lfunctab               functab      00
__Lidloc                 idloc        00
__Linit                  init         0A
__Lintentry              intentry     04
__Lmaintext              maintext     00
__Lpa_nodes0             pa_nodes0    00
__Lpowerup               powerup      00
__Lram                   ram          00
__Lreset_vec             reset_vec    00
__Lsfr0                  sfr0         00
__Lsfr1                  sfr1         00
__Lsfr2                  sfr2         00
__Lspace_0               (abs)        00
__Lspace_1               (abs)        00
__Lspace_2               (abs)        00
__Lspace_3               (abs)        00
__Lstack                 stack        00
__Lstrings               strings      00
__Ltext                  text         00
__S0                     (abs)        2E
__S1                     (abs)        74
__S2                     (abs)        00
__S3                     (abs)        00
___int_sp                stack        00
___latbits               (abs)        00
___sp                    stack        00
__end_of_ISR             text2        2E
__end_of__initialization cinit        0B
__end_of_delayUs         text1        27
__end_of_main            maintext     1E
__initialization         cinit        0B
__pcstackCOMMON          cstackCOMMON 70
__pintentry              intentry     04
__pmaintext              maintext     0D
__ptext0                 text0        00
__ptext1                 text1        1E
__ptext2                 text2        27
__size_of_ISR            (abs)        00
__size_of_delayUs        (abs)        00
__size_of_main           (abs)        00
_delayUs                 text1        1E
_main                    maintext     0D
btemp                    (abs)        7E
delayUs@a                cstackCOMMON 73
delayUs@time             cstackCOMMON 72
end_of_initialization    cinit        0B
interrupt_function       intentry     04
intlevel0                functab      00
intlevel1                functab      00
intlevel2                functab      00
intlevel3                functab      00
intlevel4                functab      00
intlevel5                functab      00
reset_vec                reset_vec    00
saved_w                  (abs)        7E
stackhi                  (abs)        00
stacklo                  (abs)        00
start                    init         0A
start_initialization     cinit        0B
wtemp0                   (abs)        7E


FUNCTION INFORMATION:

 *************** function _main *****************
 Defined at:
		line 37 in file "MSCK.C"
 Parameters:    Size  Location     Type
		None
 Auto vars:     Size  Location     Type
		None
 Return value:  Size  Location     Type
                  2  1079[None  ] int 
 Registers used:
		wreg, status,2, status,0, pclath, cstack
 Tracked objects:
		On entry : 
		On exit  : 
		Unchanged: 
 Data sizes:     COMMON   BANK0   BANK1
      Params:         0       0       0
      Locals:         0       0       0
      Temps:          0       0       0
      Totals:         0       0       0
Total ram usage:        0 bytes
 Hardware stack levels required when called:    2
 This function calls:
		_delayUs
 This function is called by:
		Startup code after reset
 This function uses a non-reentrant model


 *************** function _delayUs *****************
 Defined at:
		line 24 in file "MSCK.C"
 Parameters:    Size  Location     Type
  time            1    wreg     unsigned char 
 Auto vars:     Size  Location     Type
  time            1    2[COMMON] unsigned char 
  a               1    3[COMMON] unsigned char 
 Return value:  Size  Location     Type
                  1    wreg      void 
 Registers used:
		wreg, status,2, status,0
 Tracked objects:
		On entry : 
		On exit  : 
		Unchanged: 
 Data sizes:     COMMON   BANK0   BANK1
      Params:         0       0       0
      Locals:         2       0       0
      Temps:          0       0       0
      Totals:         2       0       0
Total ram usage:        2 bytes
 Hardware stack levels used:    1
 Hardware stack levels required when called:    1
 This function calls:
		Nothing
 This function is called by:
		_main
 This function uses a non-reentrant model


 *************** function _ISR *****************
 Defined at:
		line 20 in file "MSCK.C"
 Parameters:    Size  Location     Type
		None
 Auto vars:     Size  Location     Type
		None
 Return value:  Size  Location     Type
                  1    wreg      void 
 Registers used:
		None
 Tracked objects:
		On entry : 
		On exit  : 
		Unchanged: 
 Data sizes:     COMMON   BANK0   BANK1
      Params:         0       0       0
      Locals:         0       0       0
      Temps:          2       0       0
      Totals:         2       0       0
Total ram usage:        2 bytes
 Hardware stack levels used:    1
 This function calls:
		Nothing
 This function is called by:
		Interrupt level 1
 This function uses a non-reentrant model



MODULE INFORMATION

Module		Function		Class		Link	Load	Size
shared
		__initialization		CODE           	000B	0000	1

shared estimated size: 1

MSCK.C
		_ISR           		CODE           	0027	0000	8
		_main          		CODE           	000D	0000	18
		_delayUs       		CODE           	001E	0000	10

MSCK.C estimated size: 36

